// Jest Snapshot v1, https://goo.gl/fbAQLP

exports[`Jobs SnapShot should match snapshot 1`] = `
ShallowWrapper {
  Symbol(enzyme.__root__): ShallowWrapper {
    Symbol(enzyme.__root__): [Circular],
    Symbol(enzyme.__unrendered__): <Jobs />,
    Symbol(enzyme.__renderer__): Object {
      "batchedUpdates": [Function],
      "getNode": [Function],
      "render": [Function],
      "simulateError": [Function],
      "simulateEvent": [Function],
      "unmount": [Function],
    },
    Symbol(enzyme.__node__): Object {
      "instance": null,
      "key": undefined,
      "nodeType": "function",
      "props": Object {
        "children": Array [
          <span
            className="jobs job-header"
>
             Search Jobs 
</span>,
          <div
            className="input-section"
>
            <div>
                         
                        <span>
                                    Roles: 
                                    <input
                                                id="searchInputRolesText"
                                                type="text"
                                    />
                                     
                        </span>
                        <span>
                                    Skills: 
                                    <input
                                                id="searchInputSkillsText"
                                                type="text"
                                    />
                        </span>
                        <button
                                    onClick={[Function]}
                        >
                                     Search 
                        </button>
            </div>
</div>,
          false,
        ],
      },
      "ref": null,
      "rendered": Array [
        Object {
          "instance": null,
          "key": undefined,
          "nodeType": "host",
          "props": Object {
            "children": " Search Jobs ",
            "className": "jobs job-header",
          },
          "ref": null,
          "rendered": " Search Jobs ",
          "type": "span",
        },
        Object {
          "instance": null,
          "key": undefined,
          "nodeType": "host",
          "props": Object {
            "children": <div>
               
              <span>
                            Roles: 
                            <input
                                          id="searchInputRolesText"
                                          type="text"
                            />
                             
              </span>
              <span>
                            Skills: 
                            <input
                                          id="searchInputSkillsText"
                                          type="text"
                            />
              </span>
              <button
                            onClick={[Function]}
              >
                             Search 
              </button>
</div>,
            "className": "input-section",
          },
          "ref": null,
          "rendered": Object {
            "instance": null,
            "key": undefined,
            "nodeType": "host",
            "props": Object {
              "children": Array [
                " ",
                <span>
                  Roles: 
                  <input
                                    id="searchInputRolesText"
                                    type="text"
                  />
                   
</span>,
                <span>
                  Skills: 
                  <input
                                    id="searchInputSkillsText"
                                    type="text"
                  />
</span>,
                <button
                  onClick={[Function]}
>
                   Search 
</button>,
              ],
            },
            "ref": null,
            "rendered": Array [
              " ",
              Object {
                "instance": null,
                "key": undefined,
                "nodeType": "host",
                "props": Object {
                  "children": Array [
                    "Roles: ",
                    <input
                      id="searchInputRolesText"
                      type="text"
/>,
                    " ",
                  ],
                },
                "ref": null,
                "rendered": Array [
                  "Roles: ",
                  Object {
                    "instance": null,
                    "key": undefined,
                    "nodeType": "host",
                    "props": Object {
                      "id": "searchInputRolesText",
                      "type": "text",
                    },
                    "ref": null,
                    "rendered": null,
                    "type": "input",
                  },
                  " ",
                ],
                "type": "span",
              },
              Object {
                "instance": null,
                "key": undefined,
                "nodeType": "host",
                "props": Object {
                  "children": Array [
                    "Skills: ",
                    <input
                      id="searchInputSkillsText"
                      type="text"
/>,
                  ],
                },
                "ref": null,
                "rendered": Array [
                  "Skills: ",
                  Object {
                    "instance": null,
                    "key": undefined,
                    "nodeType": "host",
                    "props": Object {
                      "id": "searchInputSkillsText",
                      "type": "text",
                    },
                    "ref": null,
                    "rendered": null,
                    "type": "input",
                  },
                ],
                "type": "span",
              },
              Object {
                "instance": null,
                "key": undefined,
                "nodeType": "host",
                "props": Object {
                  "children": " Search ",
                  "onClick": [Function],
                },
                "ref": null,
                "rendered": " Search ",
                "type": "button",
              },
            ],
            "type": "div",
          },
          "type": "div",
        },
        false,
      ],
      "type": Symbol(react.fragment),
    },
    Symbol(enzyme.__nodes__): Array [
      Object {
        "instance": null,
        "key": undefined,
        "nodeType": "function",
        "props": Object {
          "children": Array [
            <span
              className="jobs job-header"
>
               Search Jobs 
</span>,
            <div
              className="input-section"
>
              <div>
                             
                            <span>
                                          Roles: 
                                          <input
                                                        id="searchInputRolesText"
                                                        type="text"
                                          />
                                           
                            </span>
                            <span>
                                          Skills: 
                                          <input
                                                        id="searchInputSkillsText"
                                                        type="text"
                                          />
                            </span>
                            <button
                                          onClick={[Function]}
                            >
                                           Search 
                            </button>
              </div>
</div>,
            false,
          ],
        },
        "ref": null,
        "rendered": Array [
          Object {
            "instance": null,
            "key": undefined,
            "nodeType": "host",
            "props": Object {
              "children": " Search Jobs ",
              "className": "jobs job-header",
            },
            "ref": null,
            "rendered": " Search Jobs ",
            "type": "span",
          },
          Object {
            "instance": null,
            "key": undefined,
            "nodeType": "host",
            "props": Object {
              "children": <div>
                 
                <span>
                                Roles: 
                                <input
                                                id="searchInputRolesText"
                                                type="text"
                                />
                                 
                </span>
                <span>
                                Skills: 
                                <input
                                                id="searchInputSkillsText"
                                                type="text"
                                />
                </span>
                <button
                                onClick={[Function]}
                >
                                 Search 
                </button>
</div>,
              "className": "input-section",
            },
            "ref": null,
            "rendered": Object {
              "instance": null,
              "key": undefined,
              "nodeType": "host",
              "props": Object {
                "children": Array [
                  " ",
                  <span>
                    Roles: 
                    <input
                                        id="searchInputRolesText"
                                        type="text"
                    />
                     
</span>,
                  <span>
                    Skills: 
                    <input
                                        id="searchInputSkillsText"
                                        type="text"
                    />
</span>,
                  <button
                    onClick={[Function]}
>
                     Search 
</button>,
                ],
              },
              "ref": null,
              "rendered": Array [
                " ",
                Object {
                  "instance": null,
                  "key": undefined,
                  "nodeType": "host",
                  "props": Object {
                    "children": Array [
                      "Roles: ",
                      <input
                        id="searchInputRolesText"
                        type="text"
/>,
                      " ",
                    ],
                  },
                  "ref": null,
                  "rendered": Array [
                    "Roles: ",
                    Object {
                      "instance": null,
                      "key": undefined,
                      "nodeType": "host",
                      "props": Object {
                        "id": "searchInputRolesText",
                        "type": "text",
                      },
                      "ref": null,
                      "rendered": null,
                      "type": "input",
                    },
                    " ",
                  ],
                  "type": "span",
                },
                Object {
                  "instance": null,
                  "key": undefined,
                  "nodeType": "host",
                  "props": Object {
                    "children": Array [
                      "Skills: ",
                      <input
                        id="searchInputSkillsText"
                        type="text"
/>,
                    ],
                  },
                  "ref": null,
                  "rendered": Array [
                    "Skills: ",
                    Object {
                      "instance": null,
                      "key": undefined,
                      "nodeType": "host",
                      "props": Object {
                        "id": "searchInputSkillsText",
                        "type": "text",
                      },
                      "ref": null,
                      "rendered": null,
                      "type": "input",
                    },
                  ],
                  "type": "span",
                },
                Object {
                  "instance": null,
                  "key": undefined,
                  "nodeType": "host",
                  "props": Object {
                    "children": " Search ",
                    "onClick": [Function],
                  },
                  "ref": null,
                  "rendered": " Search ",
                  "type": "button",
                },
              ],
              "type": "div",
            },
            "type": "div",
          },
          false,
        ],
        "type": Symbol(react.fragment),
      },
    ],
    Symbol(enzyme.__options__): Object {
      "adapter": ReactSixteenAdapter {
        "options": Object {
          "enableComponentDidUpdateOnSetState": true,
          "lifecycles": Object {
            "componentDidUpdate": Object {
              "onSetState": true,
            },
            "getDerivedStateFromProps": true,
            "getSnapshotBeforeUpdate": true,
            "setState": Object {
              "skipsComponentDidUpdateOnNullish": true,
            },
          },
        },
      },
      "attachTo": undefined,
      "hydrateIn": undefined,
    },
  },
  Symbol(enzyme.__unrendered__): null,
  Symbol(enzyme.__renderer__): Object {
    "batchedUpdates": [Function],
    "getNode": [Function],
    "render": [Function],
    "simulateError": [Function],
    "simulateEvent": [Function],
    "unmount": [Function],
  },
  Symbol(enzyme.__node__): Object {
    "instance": null,
    "key": undefined,
    "nodeType": "host",
    "props": Object {
      "children": <div>
         
        <span>
                Roles: 
                <input
                        id="searchInputRolesText"
                        type="text"
                />
                 
        </span>
        <span>
                Skills: 
                <input
                        id="searchInputSkillsText"
                        type="text"
                />
        </span>
        <button
                onClick={[Function]}
        >
                 Search 
        </button>
</div>,
      "className": "input-section",
    },
    "ref": null,
    "rendered": Object {
      "instance": null,
      "key": undefined,
      "nodeType": "host",
      "props": Object {
        "children": Array [
          " ",
          <span>
            Roles: 
            <input
                        id="searchInputRolesText"
                        type="text"
            />
             
</span>,
          <span>
            Skills: 
            <input
                        id="searchInputSkillsText"
                        type="text"
            />
</span>,
          <button
            onClick={[Function]}
>
             Search 
</button>,
        ],
      },
      "ref": null,
      "rendered": Array [
        " ",
        Object {
          "instance": null,
          "key": undefined,
          "nodeType": "host",
          "props": Object {
            "children": Array [
              "Roles: ",
              <input
                id="searchInputRolesText"
                type="text"
/>,
              " ",
            ],
          },
          "ref": null,
          "rendered": Array [
            "Roles: ",
            Object {
              "instance": null,
              "key": undefined,
              "nodeType": "host",
              "props": Object {
                "id": "searchInputRolesText",
                "type": "text",
              },
              "ref": null,
              "rendered": null,
              "type": "input",
            },
            " ",
          ],
          "type": "span",
        },
        Object {
          "instance": null,
          "key": undefined,
          "nodeType": "host",
          "props": Object {
            "children": Array [
              "Skills: ",
              <input
                id="searchInputSkillsText"
                type="text"
/>,
            ],
          },
          "ref": null,
          "rendered": Array [
            "Skills: ",
            Object {
              "instance": null,
              "key": undefined,
              "nodeType": "host",
              "props": Object {
                "id": "searchInputSkillsText",
                "type": "text",
              },
              "ref": null,
              "rendered": null,
              "type": "input",
            },
          ],
          "type": "span",
        },
        Object {
          "instance": null,
          "key": undefined,
          "nodeType": "host",
          "props": Object {
            "children": " Search ",
            "onClick": [Function],
          },
          "ref": null,
          "rendered": " Search ",
          "type": "button",
        },
      ],
      "type": "div",
    },
    "type": "div",
  },
  Symbol(enzyme.__nodes__): Array [
    Object {
      "instance": null,
      "key": undefined,
      "nodeType": "host",
      "props": Object {
        "children": <div>
           
          <span>
                    Roles: 
                    <input
                              id="searchInputRolesText"
                              type="text"
                    />
                     
          </span>
          <span>
                    Skills: 
                    <input
                              id="searchInputSkillsText"
                              type="text"
                    />
          </span>
          <button
                    onClick={[Function]}
          >
                     Search 
          </button>
</div>,
        "className": "input-section",
      },
      "ref": null,
      "rendered": Object {
        "instance": null,
        "key": undefined,
        "nodeType": "host",
        "props": Object {
          "children": Array [
            " ",
            <span>
              Roles: 
              <input
                            id="searchInputRolesText"
                            type="text"
              />
               
</span>,
            <span>
              Skills: 
              <input
                            id="searchInputSkillsText"
                            type="text"
              />
</span>,
            <button
              onClick={[Function]}
>
               Search 
</button>,
          ],
        },
        "ref": null,
        "rendered": Array [
          " ",
          Object {
            "instance": null,
            "key": undefined,
            "nodeType": "host",
            "props": Object {
              "children": Array [
                "Roles: ",
                <input
                  id="searchInputRolesText"
                  type="text"
/>,
                " ",
              ],
            },
            "ref": null,
            "rendered": Array [
              "Roles: ",
              Object {
                "instance": null,
                "key": undefined,
                "nodeType": "host",
                "props": Object {
                  "id": "searchInputRolesText",
                  "type": "text",
                },
                "ref": null,
                "rendered": null,
                "type": "input",
              },
              " ",
            ],
            "type": "span",
          },
          Object {
            "instance": null,
            "key": undefined,
            "nodeType": "host",
            "props": Object {
              "children": Array [
                "Skills: ",
                <input
                  id="searchInputSkillsText"
                  type="text"
/>,
              ],
            },
            "ref": null,
            "rendered": Array [
              "Skills: ",
              Object {
                "instance": null,
                "key": undefined,
                "nodeType": "host",
                "props": Object {
                  "id": "searchInputSkillsText",
                  "type": "text",
                },
                "ref": null,
                "rendered": null,
                "type": "input",
              },
            ],
            "type": "span",
          },
          Object {
            "instance": null,
            "key": undefined,
            "nodeType": "host",
            "props": Object {
              "children": " Search ",
              "onClick": [Function],
            },
            "ref": null,
            "rendered": " Search ",
            "type": "button",
          },
        ],
        "type": "div",
      },
      "type": "div",
    },
    Object {
      "instance": null,
      "key": undefined,
      "nodeType": "host",
      "props": Object {
        "children": Array [
          " ",
          <span>
            Roles: 
            <input
                        id="searchInputRolesText"
                        type="text"
            />
             
</span>,
          <span>
            Skills: 
            <input
                        id="searchInputSkillsText"
                        type="text"
            />
</span>,
          <button
            onClick={[Function]}
>
             Search 
</button>,
        ],
      },
      "ref": null,
      "rendered": Array [
        " ",
        Object {
          "instance": null,
          "key": undefined,
          "nodeType": "host",
          "props": Object {
            "children": Array [
              "Roles: ",
              <input
                id="searchInputRolesText"
                type="text"
/>,
              " ",
            ],
          },
          "ref": null,
          "rendered": Array [
            "Roles: ",
            Object {
              "instance": null,
              "key": undefined,
              "nodeType": "host",
              "props": Object {
                "id": "searchInputRolesText",
                "type": "text",
              },
              "ref": null,
              "rendered": null,
              "type": "input",
            },
            " ",
          ],
          "type": "span",
        },
        Object {
          "instance": null,
          "key": undefined,
          "nodeType": "host",
          "props": Object {
            "children": Array [
              "Skills: ",
              <input
                id="searchInputSkillsText"
                type="text"
/>,
            ],
          },
          "ref": null,
          "rendered": Array [
            "Skills: ",
            Object {
              "instance": null,
              "key": undefined,
              "nodeType": "host",
              "props": Object {
                "id": "searchInputSkillsText",
                "type": "text",
              },
              "ref": null,
              "rendered": null,
              "type": "input",
            },
          ],
          "type": "span",
        },
        Object {
          "instance": null,
          "key": undefined,
          "nodeType": "host",
          "props": Object {
            "children": " Search ",
            "onClick": [Function],
          },
          "ref": null,
          "rendered": " Search ",
          "type": "button",
        },
      ],
      "type": "div",
    },
  ],
  Symbol(enzyme.__options__): Object {
    "adapter": ReactSixteenAdapter {
      "options": Object {
        "enableComponentDidUpdateOnSetState": true,
        "lifecycles": Object {
          "componentDidUpdate": Object {
            "onSetState": true,
          },
          "getDerivedStateFromProps": true,
          "getSnapshotBeforeUpdate": true,
          "setState": Object {
            "skipsComponentDidUpdateOnNullish": true,
          },
        },
      },
    },
    "attachTo": undefined,
    "hydrateIn": undefined,
  },
}
`;
