// Jest Snapshot v1, https://goo.gl/fbAQLP

exports[`Races SnapShot should match snapshot 1`] = `
ShallowWrapper {
  Symbol(enzyme.__root__): ShallowWrapper {
    Symbol(enzyme.__root__): [Circular],
    Symbol(enzyme.__unrendered__): <Races />,
    Symbol(enzyme.__renderer__): Object {
      "batchedUpdates": [Function],
      "getNode": [Function],
      "render": [Function],
      "simulateError": [Function],
      "simulateEvent": [Function],
      "unmount": [Function],
    },
    Symbol(enzyme.__node__): Object {
      "instance": null,
      "key": undefined,
      "nodeType": "function",
      "props": Object {
        "children": <div
          className="race__item"
>
          <div
                    className="races"
          >
                    <div
                              className="flex race-header"
                    >
                              <div
                                        className="col-3 name-header"
                              >
                                        Event Name
                              </div>
                              <div
                                        className="col-3 venue-header"
                              >
                                        Event Venue
                              </div>
                              <div
                                        className="col-3 timestamp-header"
                              >
                                        Time To Start
                              </div>
                    </div>
          </div>
</div>,
      },
      "ref": null,
      "rendered": Object {
        "instance": null,
        "key": undefined,
        "nodeType": "host",
        "props": Object {
          "children": <div
            className="races"
>
            <div
                        className="flex race-header"
            >
                        <div
                                    className="col-3 name-header"
                        >
                                    Event Name
                        </div>
                        <div
                                    className="col-3 venue-header"
                        >
                                    Event Venue
                        </div>
                        <div
                                    className="col-3 timestamp-header"
                        >
                                    Time To Start
                        </div>
            </div>
</div>,
          "className": "race__item",
        },
        "ref": null,
        "rendered": Object {
          "instance": null,
          "key": undefined,
          "nodeType": "host",
          "props": Object {
            "children": Array [
              <div
                className="flex race-header"
>
                <div
                                className="col-3 name-header"
                >
                                Event Name
                </div>
                <div
                                className="col-3 venue-header"
                >
                                Event Venue
                </div>
                <div
                                className="col-3 timestamp-header"
                >
                                Time To Start
                </div>
</div>,
              Array [],
            ],
            "className": "races",
          },
          "ref": null,
          "rendered": Array [
            Object {
              "instance": null,
              "key": undefined,
              "nodeType": "host",
              "props": Object {
                "children": Array [
                  <div
                    className="col-3 name-header"
>
                    Event Name
</div>,
                  <div
                    className="col-3 venue-header"
>
                    Event Venue
</div>,
                  <div
                    className="col-3 timestamp-header"
>
                    Time To Start
</div>,
                ],
                "className": "flex race-header",
              },
              "ref": null,
              "rendered": Array [
                Object {
                  "instance": null,
                  "key": undefined,
                  "nodeType": "host",
                  "props": Object {
                    "children": "Event Name",
                    "className": "col-3 name-header",
                  },
                  "ref": null,
                  "rendered": "Event Name",
                  "type": "div",
                },
                Object {
                  "instance": null,
                  "key": undefined,
                  "nodeType": "host",
                  "props": Object {
                    "children": "Event Venue",
                    "className": "col-3 venue-header",
                  },
                  "ref": null,
                  "rendered": "Event Venue",
                  "type": "div",
                },
                Object {
                  "instance": null,
                  "key": undefined,
                  "nodeType": "host",
                  "props": Object {
                    "children": "Time To Start",
                    "className": "col-3 timestamp-header",
                  },
                  "ref": null,
                  "rendered": "Time To Start",
                  "type": "div",
                },
              ],
              "type": "div",
            },
          ],
          "type": "div",
        },
        "type": "div",
      },
      "type": Symbol(react.fragment),
    },
    Symbol(enzyme.__nodes__): Array [
      Object {
        "instance": null,
        "key": undefined,
        "nodeType": "function",
        "props": Object {
          "children": <div
            className="race__item"
>
            <div
                        className="races"
            >
                        <div
                                    className="flex race-header"
                        >
                                    <div
                                                className="col-3 name-header"
                                    >
                                                Event Name
                                    </div>
                                    <div
                                                className="col-3 venue-header"
                                    >
                                                Event Venue
                                    </div>
                                    <div
                                                className="col-3 timestamp-header"
                                    >
                                                Time To Start
                                    </div>
                        </div>
            </div>
</div>,
        },
        "ref": null,
        "rendered": Object {
          "instance": null,
          "key": undefined,
          "nodeType": "host",
          "props": Object {
            "children": <div
              className="races"
>
              <div
                            className="flex race-header"
              >
                            <div
                                          className="col-3 name-header"
                            >
                                          Event Name
                            </div>
                            <div
                                          className="col-3 venue-header"
                            >
                                          Event Venue
                            </div>
                            <div
                                          className="col-3 timestamp-header"
                            >
                                          Time To Start
                            </div>
              </div>
</div>,
            "className": "race__item",
          },
          "ref": null,
          "rendered": Object {
            "instance": null,
            "key": undefined,
            "nodeType": "host",
            "props": Object {
              "children": Array [
                <div
                  className="flex race-header"
>
                  <div
                                    className="col-3 name-header"
                  >
                                    Event Name
                  </div>
                  <div
                                    className="col-3 venue-header"
                  >
                                    Event Venue
                  </div>
                  <div
                                    className="col-3 timestamp-header"
                  >
                                    Time To Start
                  </div>
</div>,
                Array [],
              ],
              "className": "races",
            },
            "ref": null,
            "rendered": Array [
              Object {
                "instance": null,
                "key": undefined,
                "nodeType": "host",
                "props": Object {
                  "children": Array [
                    <div
                      className="col-3 name-header"
>
                      Event Name
</div>,
                    <div
                      className="col-3 venue-header"
>
                      Event Venue
</div>,
                    <div
                      className="col-3 timestamp-header"
>
                      Time To Start
</div>,
                  ],
                  "className": "flex race-header",
                },
                "ref": null,
                "rendered": Array [
                  Object {
                    "instance": null,
                    "key": undefined,
                    "nodeType": "host",
                    "props": Object {
                      "children": "Event Name",
                      "className": "col-3 name-header",
                    },
                    "ref": null,
                    "rendered": "Event Name",
                    "type": "div",
                  },
                  Object {
                    "instance": null,
                    "key": undefined,
                    "nodeType": "host",
                    "props": Object {
                      "children": "Event Venue",
                      "className": "col-3 venue-header",
                    },
                    "ref": null,
                    "rendered": "Event Venue",
                    "type": "div",
                  },
                  Object {
                    "instance": null,
                    "key": undefined,
                    "nodeType": "host",
                    "props": Object {
                      "children": "Time To Start",
                      "className": "col-3 timestamp-header",
                    },
                    "ref": null,
                    "rendered": "Time To Start",
                    "type": "div",
                  },
                ],
                "type": "div",
              },
            ],
            "type": "div",
          },
          "type": "div",
        },
        "type": Symbol(react.fragment),
      },
    ],
    Symbol(enzyme.__options__): Object {
      "adapter": ReactSixteenAdapter {
        "options": Object {
          "enableComponentDidUpdateOnSetState": true,
          "lifecycles": Object {
            "componentDidUpdate": Object {
              "onSetState": true,
            },
            "getDerivedStateFromProps": true,
            "getSnapshotBeforeUpdate": true,
            "setState": Object {
              "skipsComponentDidUpdateOnNullish": true,
            },
          },
        },
      },
      "attachTo": undefined,
      "hydrateIn": undefined,
    },
  },
  Symbol(enzyme.__unrendered__): null,
  Symbol(enzyme.__renderer__): Object {
    "batchedUpdates": [Function],
    "getNode": [Function],
    "render": [Function],
    "simulateError": [Function],
    "simulateEvent": [Function],
    "unmount": [Function],
  },
  Symbol(enzyme.__node__): Object {
    "instance": null,
    "key": undefined,
    "nodeType": "host",
    "props": Object {
      "children": <div
        className="races"
>
        <div
                className="flex race-header"
        >
                <div
                        className="col-3 name-header"
                >
                        Event Name
                </div>
                <div
                        className="col-3 venue-header"
                >
                        Event Venue
                </div>
                <div
                        className="col-3 timestamp-header"
                >
                        Time To Start
                </div>
        </div>
</div>,
      "className": "race__item",
    },
    "ref": null,
    "rendered": Object {
      "instance": null,
      "key": undefined,
      "nodeType": "host",
      "props": Object {
        "children": Array [
          <div
            className="flex race-header"
>
            <div
                        className="col-3 name-header"
            >
                        Event Name
            </div>
            <div
                        className="col-3 venue-header"
            >
                        Event Venue
            </div>
            <div
                        className="col-3 timestamp-header"
            >
                        Time To Start
            </div>
</div>,
          Array [],
        ],
        "className": "races",
      },
      "ref": null,
      "rendered": Array [
        Object {
          "instance": null,
          "key": undefined,
          "nodeType": "host",
          "props": Object {
            "children": Array [
              <div
                className="col-3 name-header"
>
                Event Name
</div>,
              <div
                className="col-3 venue-header"
>
                Event Venue
</div>,
              <div
                className="col-3 timestamp-header"
>
                Time To Start
</div>,
            ],
            "className": "flex race-header",
          },
          "ref": null,
          "rendered": Array [
            Object {
              "instance": null,
              "key": undefined,
              "nodeType": "host",
              "props": Object {
                "children": "Event Name",
                "className": "col-3 name-header",
              },
              "ref": null,
              "rendered": "Event Name",
              "type": "div",
            },
            Object {
              "instance": null,
              "key": undefined,
              "nodeType": "host",
              "props": Object {
                "children": "Event Venue",
                "className": "col-3 venue-header",
              },
              "ref": null,
              "rendered": "Event Venue",
              "type": "div",
            },
            Object {
              "instance": null,
              "key": undefined,
              "nodeType": "host",
              "props": Object {
                "children": "Time To Start",
                "className": "col-3 timestamp-header",
              },
              "ref": null,
              "rendered": "Time To Start",
              "type": "div",
            },
          ],
          "type": "div",
        },
      ],
      "type": "div",
    },
    "type": "div",
  },
  Symbol(enzyme.__nodes__): Array [
    Object {
      "instance": null,
      "key": undefined,
      "nodeType": "host",
      "props": Object {
        "children": <div
          className="races"
>
          <div
                    className="flex race-header"
          >
                    <div
                              className="col-3 name-header"
                    >
                              Event Name
                    </div>
                    <div
                              className="col-3 venue-header"
                    >
                              Event Venue
                    </div>
                    <div
                              className="col-3 timestamp-header"
                    >
                              Time To Start
                    </div>
          </div>
</div>,
        "className": "race__item",
      },
      "ref": null,
      "rendered": Object {
        "instance": null,
        "key": undefined,
        "nodeType": "host",
        "props": Object {
          "children": Array [
            <div
              className="flex race-header"
>
              <div
                            className="col-3 name-header"
              >
                            Event Name
              </div>
              <div
                            className="col-3 venue-header"
              >
                            Event Venue
              </div>
              <div
                            className="col-3 timestamp-header"
              >
                            Time To Start
              </div>
</div>,
            Array [],
          ],
          "className": "races",
        },
        "ref": null,
        "rendered": Array [
          Object {
            "instance": null,
            "key": undefined,
            "nodeType": "host",
            "props": Object {
              "children": Array [
                <div
                  className="col-3 name-header"
>
                  Event Name
</div>,
                <div
                  className="col-3 venue-header"
>
                  Event Venue
</div>,
                <div
                  className="col-3 timestamp-header"
>
                  Time To Start
</div>,
              ],
              "className": "flex race-header",
            },
            "ref": null,
            "rendered": Array [
              Object {
                "instance": null,
                "key": undefined,
                "nodeType": "host",
                "props": Object {
                  "children": "Event Name",
                  "className": "col-3 name-header",
                },
                "ref": null,
                "rendered": "Event Name",
                "type": "div",
              },
              Object {
                "instance": null,
                "key": undefined,
                "nodeType": "host",
                "props": Object {
                  "children": "Event Venue",
                  "className": "col-3 venue-header",
                },
                "ref": null,
                "rendered": "Event Venue",
                "type": "div",
              },
              Object {
                "instance": null,
                "key": undefined,
                "nodeType": "host",
                "props": Object {
                  "children": "Time To Start",
                  "className": "col-3 timestamp-header",
                },
                "ref": null,
                "rendered": "Time To Start",
                "type": "div",
              },
            ],
            "type": "div",
          },
        ],
        "type": "div",
      },
      "type": "div",
    },
    Object {
      "instance": null,
      "key": undefined,
      "nodeType": "host",
      "props": Object {
        "children": Array [
          <div
            className="flex race-header"
>
            <div
                        className="col-3 name-header"
            >
                        Event Name
            </div>
            <div
                        className="col-3 venue-header"
            >
                        Event Venue
            </div>
            <div
                        className="col-3 timestamp-header"
            >
                        Time To Start
            </div>
</div>,
          Array [],
        ],
        "className": "races",
      },
      "ref": null,
      "rendered": Array [
        Object {
          "instance": null,
          "key": undefined,
          "nodeType": "host",
          "props": Object {
            "children": Array [
              <div
                className="col-3 name-header"
>
                Event Name
</div>,
              <div
                className="col-3 venue-header"
>
                Event Venue
</div>,
              <div
                className="col-3 timestamp-header"
>
                Time To Start
</div>,
            ],
            "className": "flex race-header",
          },
          "ref": null,
          "rendered": Array [
            Object {
              "instance": null,
              "key": undefined,
              "nodeType": "host",
              "props": Object {
                "children": "Event Name",
                "className": "col-3 name-header",
              },
              "ref": null,
              "rendered": "Event Name",
              "type": "div",
            },
            Object {
              "instance": null,
              "key": undefined,
              "nodeType": "host",
              "props": Object {
                "children": "Event Venue",
                "className": "col-3 venue-header",
              },
              "ref": null,
              "rendered": "Event Venue",
              "type": "div",
            },
            Object {
              "instance": null,
              "key": undefined,
              "nodeType": "host",
              "props": Object {
                "children": "Time To Start",
                "className": "col-3 timestamp-header",
              },
              "ref": null,
              "rendered": "Time To Start",
              "type": "div",
            },
          ],
          "type": "div",
        },
      ],
      "type": "div",
    },
    Object {
      "instance": null,
      "key": undefined,
      "nodeType": "host",
      "props": Object {
        "children": Array [
          <div
            className="col-3 name-header"
>
            Event Name
</div>,
          <div
            className="col-3 venue-header"
>
            Event Venue
</div>,
          <div
            className="col-3 timestamp-header"
>
            Time To Start
</div>,
        ],
        "className": "flex race-header",
      },
      "ref": null,
      "rendered": Array [
        Object {
          "instance": null,
          "key": undefined,
          "nodeType": "host",
          "props": Object {
            "children": "Event Name",
            "className": "col-3 name-header",
          },
          "ref": null,
          "rendered": "Event Name",
          "type": "div",
        },
        Object {
          "instance": null,
          "key": undefined,
          "nodeType": "host",
          "props": Object {
            "children": "Event Venue",
            "className": "col-3 venue-header",
          },
          "ref": null,
          "rendered": "Event Venue",
          "type": "div",
        },
        Object {
          "instance": null,
          "key": undefined,
          "nodeType": "host",
          "props": Object {
            "children": "Time To Start",
            "className": "col-3 timestamp-header",
          },
          "ref": null,
          "rendered": "Time To Start",
          "type": "div",
        },
      ],
      "type": "div",
    },
    Object {
      "instance": null,
      "key": undefined,
      "nodeType": "host",
      "props": Object {
        "children": "Event Name",
        "className": "col-3 name-header",
      },
      "ref": null,
      "rendered": "Event Name",
      "type": "div",
    },
    Object {
      "instance": null,
      "key": undefined,
      "nodeType": "host",
      "props": Object {
        "children": "Event Venue",
        "className": "col-3 venue-header",
      },
      "ref": null,
      "rendered": "Event Venue",
      "type": "div",
    },
    Object {
      "instance": null,
      "key": undefined,
      "nodeType": "host",
      "props": Object {
        "children": "Time To Start",
        "className": "col-3 timestamp-header",
      },
      "ref": null,
      "rendered": "Time To Start",
      "type": "div",
    },
  ],
  Symbol(enzyme.__options__): Object {
    "adapter": ReactSixteenAdapter {
      "options": Object {
        "enableComponentDidUpdateOnSetState": true,
        "lifecycles": Object {
          "componentDidUpdate": Object {
            "onSetState": true,
          },
          "getDerivedStateFromProps": true,
          "getSnapshotBeforeUpdate": true,
          "setState": Object {
            "skipsComponentDidUpdateOnNullish": true,
          },
        },
      },
    },
    "attachTo": undefined,
    "hydrateIn": undefined,
  },
}
`;
